02/10/2026 11:21:41:INFO:*************test_valid_admin_login_started*************
02/10/2026 11:21:43:INFO:************ Login is completed **************
02/10/2026 11:21:43:INFO:*************test_withdrawal_amt_process_started**************
02/10/2026 11:21:45:INFO:**************test_withdrawal_amt_page verification**************
02/10/2026 11:21:45:INFO:**************test_withdrawal_amt_page verification completed**************
02/10/2026 11:23:43:INFO:*************test_valid_admin_login_started*************
02/10/2026 11:23:44:INFO:************ Login is completed **************
02/10/2026 11:23:44:INFO:*************test_withdrawal_amt_process_started**************
02/10/2026 11:23:47:INFO:**************test_withdrawal_amt_page verification**************
02/10/2026 11:23:47:INFO:**************test_withdrawal_amt_page verification completed**************
02/11/2026 12:02:30:INFO:*************test_valid_admin_login_started*************
02/11/2026 12:02:32:INFO:************ Login is completed **************
02/11/2026 12:02:32:INFO:*************customize_page_verification_started**************
02/11/2026 12:02:35:INFO:*************customize_page_verification_completed**************
02/11/2026 12:02:35:INFO:*************customize_page_process_completed**************
02/11/2026 12:12:50:INFO:*************test_valid_admin_login_started*************
02/11/2026 12:12:52:INFO:************ Login is completed **************
02/11/2026 12:23:22:INFO:*************test_valid_admin_login_started*************
02/11/2026 12:23:22:INFO:************ Login is completed **************
02/12/2026 09:01:26:INFO:*************test_valid_admin_login_started*************
02/12/2026 09:01:27:INFO:************ Login is completed **************
02/12/2026 09:01:27:INFO:************ add new customer acc process started **************
02/12/2026 09:01:40:INFO:************ add new customer acc process completed **************
02/12/2026 09:01:40:INFO:************ acc generated window is pop-up **************
02/12/2026 09:01:43:INFO:**************capturing account_id **************
02/12/2026 09:01:45:INFO:************** storing account id in Utilities.account_id.txt file started **************
02/12/2026 09:01:48:INFO:************** storing account id in Utilities.account_id.txt file completed **************
02/12/2026 09:02:59:INFO:*************Test_01_login_page.*************
02/12/2026 09:02:59:INFO:*************Test_01_login_page.title_verification*************
02/12/2026 09:03:06:INFO:*************title_verification_is_not_matched*************
02/15/2026 12:32:48:INFO:*************test_valid_admin_login_started*************
02/15/2026 12:32:52:INFO:*************Dashboard text matched - Test Passed*************
02/15/2026 12:32:55:INFO:*************test_invalid_invalid_login_started*************
02/15/2026 12:33:00:INFO:*************Alert message matched*************
02/15/2026 12:59:08:INFO:*************test_valid_admin_login_started*************
02/15/2026 12:59:11:INFO:*************Dashboard text matched - Test Passed*************
02/15/2026 12:59:15:INFO:*************test_invalid_invalid_login_started*************
02/15/2026 12:59:18:INFO:*************Alert message matched*************
02/15/2026 01:02:33:INFO:*************test_valid_admin_login_started*************
02/15/2026 01:03:37:INFO:*************test_valid_admin_login_started*************
02/15/2026 01:11:01:INFO:*************test_valid_admin_login_started*************
02/18/2026 03:34:17:INFO:Login started
02/18/2026 03:34:22:INFO:Account created successfully
02/18/2026 03:38:30:INFO:************* test_valid_admin_login_started *************
02/18/2026 03:38:31:INFO:Dashboard text matched successfully
02/18/2026 03:38:41:INFO:************* test_invalid_admin_login_started *************
02/18/2026 03:38:45:INFO:Alert message validated successfully
02/18/2026 03:40:31:INFO:Login started
02/18/2026 03:43:43:INFO:Login started
02/18/2026 03:43:56:INFO:Account created successfully
02/18/2026 03:44:06:INFO:Login successful
02/18/2026 03:44:06:INFO:--- Starting: Add New Customer Test ---
02/18/2026 03:44:11:INFO:Customer created successfully
02/18/2026 03:44:20:INFO:Login started
02/18/2026 03:44:23:INFO:Statement generated successfully
02/18/2026 03:44:27:INFO:Login started
02/18/2026 03:45:03:INFO:************* test_valid_admin_login_started *************
02/18/2026 03:45:03:INFO:Dashboard text matched successfully
02/18/2026 03:45:11:INFO:************* test_invalid_admin_login_started *************
02/18/2026 03:45:14:INFO:Alert message validated successfully
02/18/2026 03:45:17:INFO:Title verification started
02/18/2026 03:45:48:INFO:Login started
02/18/2026 03:46:02:INFO:Login started
02/18/2026 03:46:09:INFO:Mini Statement page verified
02/18/2026 03:46:17:INFO:Login started
02/18/2026 03:50:37:INFO:Login started
02/18/2026 03:50:40:INFO:Account created successfully
02/18/2026 03:50:53:INFO:Login successful
02/18/2026 03:50:53:INFO:--- Starting: Add New Customer Test ---
02/18/2026 03:50:56:INFO:Customer created successfully
02/18/2026 03:51:06:INFO:Login started
02/18/2026 03:51:10:INFO:Statement generated successfully
02/18/2026 03:51:14:INFO:Login started
02/18/2026 03:51:48:INFO:************* test_valid_admin_login_started *************
02/18/2026 03:51:51:INFO:Dashboard text matched successfully
02/18/2026 03:52:03:INFO:************* test_invalid_admin_login_started *************
02/18/2026 03:52:06:INFO:Alert message validated successfully
02/18/2026 03:52:10:INFO:Title verification started
02/18/2026 03:52:37:INFO:Login started
02/18/2026 03:52:49:INFO:Login started
02/18/2026 03:52:52:INFO:Mini Statement page verified
02/18/2026 03:53:04:INFO:Login started
